// Jest Snapshot v1, https://goo.gl/fbAQLP

exports[` 1`] = `
Object {
  "outputNames": Object {},
  "roots": Object {
    "idle": 129,
    "outbox": 137,
    "staging": 136,
  },
  "slots": Array [
    Object {
      "value": true,
    },
    Object {
      "value": 0,
    },
    Object {
      "value": 2,
    },
    Object {
      "args": Array [
        2,
        1,
        2,
      ],
      "op": "array",
    },
    Object {
      "args": Array [
        3,
      ],
      "op": "array",
    },
    Object {
      "args": Array [
        1,
        4,
      ],
      "op": "pair",
    },
    Object {
      "value": 131072,
    },
    Object {
      "args": Array [],
      "op": "array",
    },
    Object {
      "args": Array [
        6,
        7,
      ],
      "op": "pair",
    },
    Object {
      "value": 131073,
    },
    Object {
      "args": Array [
        1,
      ],
      "op": "table",
    },
    Object {
      "args": Array [
        10,
        1,
      ],
      "op": "get",
    },
    Object {
      "value": 1,
    },
    Object {
      "args": Array [
        11,
        12,
      ],
      "op": "plus",
    },
    Object {
      "args": Array [
        1,
        1,
        13,
      ],
      "op": "array",
    },
    Object {
      "args": Array [
        14,
        3,
      ],
      "op": "pair",
    },
    Object {
      "args": Array [
        9,
        15,
      ],
      "op": "pair",
    },
    Object {
      "args": Array [
        5,
        8,
        16,
      ],
      "op": "array",
    },
    Object {
      "args": Array [
        17,
      ],
      "op": "object",
    },
    Object {
      "args": Array [
        0,
        1,
      ],
      "op": "pair",
    },
    Object {
      "value": false,
    },
    Object {
      "args": Array [
        2,
      ],
      "op": "table",
    },
    Object {
      "args": Array [
        21,
        1,
      ],
      "op": "get",
    },
    Object {
      "args": Array [
        0,
        22,
      ],
      "op": "pair",
    },
    Object {
      "args": Array [
        20,
        1,
      ],
      "op": "pair",
    },
    Object {
      "args": Array [
        23,
        24,
      ],
      "op": "object",
    },
    Object {
      "args": Array [
        21,
      ],
      "op": "size",
    },
    Object {
      "args": Array [
        26,
      ],
      "op": "not",
    },
    Object {
      "args": Array [
        27,
      ],
      "op": "not",
    },
    Object {
      "args": Array [
        25,
        28,
      ],
      "op": "get",
    },
    Object {
      "value": 16,
    },
    Object {
      "args": Array [
        29,
        30,
      ],
      "op": "shl",
    },
    Object {
      "value": null,
    },
    Object {
      "args": Array [
        0,
        32,
      ],
      "op": "pair",
    },
    Object {
      "args": Array [
        12,
      ],
      "op": "table",
    },
    Object {
      "args": Array [],
      "op": "key",
    },
    Object {
      "args": Array [],
      "op": "value",
    },
    Object {
      "args": Array [
        35,
        36,
      ],
      "op": "pair",
    },
    Object {
      "args": Array [
        37,
      ],
      "op": "array",
    },
    Object {
      "args": Array [
        34,
        38,
      ],
      "op": "flatMap",
    },
    Object {
      "args": Array [
        39,
      ],
      "op": "head",
    },
    Object {
      "args": Array [
        34,
        40,
      ],
      "op": "get",
    },
    Object {
      "args": Array [
        20,
        41,
      ],
      "op": "pair",
    },
    Object {
      "args": Array [
        33,
        42,
      ],
      "op": "object",
    },
    Object {
      "value": 3,
    },
    Object {
      "args": Array [
        44,
      ],
      "op": "table",
    },
    Object {
      "args": Array [
        45,
        1,
      ],
      "op": "get",
    },
    Object {
      "args": Array [
        0,
        46,
      ],
      "op": "pair",
    },
    Object {
      "args": Array [
        47,
        24,
      ],
      "op": "object",
    },
    Object {
      "args": Array [
        45,
      ],
      "op": "size",
    },
    Object {
      "args": Array [
        49,
      ],
      "op": "not",
    },
    Object {
      "args": Array [
        50,
      ],
      "op": "not",
    },
    Object {
      "args": Array [
        48,
        51,
      ],
      "op": "get",
    },
    Object {
      "args": Array [
        52,
        12,
      ],
      "op": "eq",
    },
    Object {
      "args": Array [
        53,
      ],
      "op": "not",
    },
    Object {
      "args": Array [
        54,
      ],
      "op": "not",
    },
    Object {
      "args": Array [
        43,
        55,
      ],
      "op": "get",
    },
    Object {
      "args": Array [
        56,
      ],
      "op": "first",
    },
    Object {
      "value": 32767,
    },
    Object {
      "args": Array [
        57,
        58,
      ],
      "op": "bwand",
    },
    Object {
      "args": Array [
        20,
        59,
      ],
      "op": "pair",
    },
    Object {
      "args": Array [
        19,
        60,
      ],
      "op": "object",
    },
    Object {
      "args": Array [
        56,
        32,
      ],
      "op": "neq",
    },
    Object {
      "args": Array [
        62,
      ],
      "op": "not",
    },
    Object {
      "args": Array [
        63,
      ],
      "op": "not",
    },
    Object {
      "args": Array [
        61,
        64,
      ],
      "op": "get",
    },
    Object {
      "args": Array [
        31,
        65,
      ],
      "op": "bwor",
    },
    Object {
      "args": Array [
        20,
        66,
      ],
      "op": "pair",
    },
    Object {
      "args": Array [
        19,
        67,
      ],
      "op": "object",
    },
    Object {
      "args": Array [
        52,
        1,
      ],
      "op": "eq",
    },
    Object {
      "args": Array [
        69,
      ],
      "op": "not",
    },
    Object {
      "args": Array [
        70,
      ],
      "op": "not",
    },
    Object {
      "args": Array [
        68,
        71,
      ],
      "op": "get",
    },
    Object {
      "args": Array [
        18,
        72,
      ],
      "op": "get",
    },
    Object {
      "args": Array [
        0,
        12,
      ],
      "op": "pair",
    },
    Object {
      "args": Array [
        52,
        12,
      ],
      "op": "plus",
    },
    Object {
      "args": Array [
        20,
        75,
      ],
      "op": "pair",
    },
    Object {
      "args": Array [
        74,
        76,
      ],
      "op": "object",
    },
    Object {
      "args": Array [
        20,
      ],
      "op": "not",
    },
    Object {
      "args": Array [
        78,
      ],
      "op": "not",
    },
    Object {
      "args": Array [
        6,
        79,
      ],
      "op": "pair",
    },
    Object {
      "args": Array [
        0,
      ],
      "op": "not",
    },
    Object {
      "args": Array [
        81,
      ],
      "op": "not",
    },
    Object {
      "args": Array [
        9,
        82,
      ],
      "op": "pair",
    },
    Object {
      "args": Array [
        80,
        83,
      ],
      "op": "object",
    },
    Object {
      "args": Array [
        84,
        72,
      ],
      "op": "get",
    },
    Object {
      "args": Array [
        0,
        85,
      ],
      "op": "pair",
    },
    Object {
      "value": 4,
    },
    Object {
      "args": Array [
        52,
        87,
      ],
      "op": "eq",
    },
    Object {
      "args": Array [
        20,
        88,
      ],
      "op": "pair",
    },
    Object {
      "args": Array [
        86,
        89,
      ],
      "op": "object",
    },
    Object {
      "args": Array [
        85,
      ],
      "op": "not",
    },
    Object {
      "args": Array [
        91,
      ],
      "op": "not",
    },
    Object {
      "args": Array [
        90,
        92,
      ],
      "op": "get",
    },
    Object {
      "args": Array [
        93,
      ],
      "op": "not",
    },
    Object {
      "args": Array [
        94,
      ],
      "op": "not",
    },
    Object {
      "args": Array [
        77,
        95,
      ],
      "op": "get",
    },
    Object {
      "args": Array [
        45,
        1,
        96,
      ],
      "op": "put",
    },
    Object {
      "args": Array [
        34,
        40,
      ],
      "op": "delete",
    },
    Object {
      "args": Array [
        97,
        98,
      ],
      "op": "pair",
    },
    Object {
      "args": Array [
        73,
        99,
      ],
      "op": "concat",
    },
    Object {
      "args": Array [
        100,
      ],
      "op": "array",
    },
    Object {
      "args": Array [
        101,
        38,
      ],
      "op": "flatMap",
    },
    Object {
      "args": Array [
        102,
      ],
      "op": "head",
    },
    Object {
      "args": Array [
        0,
        103,
      ],
      "op": "pair",
    },
    Object {
      "args": Array [
        36,
      ],
      "op": "first",
    },
    Object {
      "value": 1073741823,
    },
    Object {
      "args": Array [
        105,
        106,
      ],
      "op": "bwand",
    },
    Object {
      "value": 15,
    },
    Object {
      "args": Array [
        107,
        108,
      ],
      "op": "shr",
    },
    Object {
      "args": Array [
        109,
        0,
      ],
      "op": "pair",
    },
    Object {
      "args": Array [
        110,
      ],
      "op": "array",
    },
    Object {
      "args": Array [
        35,
        111,
      ],
      "op": "pair",
    },
    Object {
      "args": Array [
        34,
        112,
      ],
      "op": "flatMap",
    },
    Object {
      "args": Array [
        113,
      ],
      "op": "head",
    },
    Object {
      "args": Array [
        0,
        114,
      ],
      "op": "pair",
    },
    Object {
      "value": -1,
    },
    Object {
      "args": Array [
        20,
        116,
      ],
      "op": "pair",
    },
    Object {
      "args": Array [
        115,
        117,
      ],
      "op": "object",
    },
    Object {
      "args": Array [
        113,
      ],
      "op": "size",
    },
    Object {
      "args": Array [
        119,
      ],
      "op": "not",
    },
    Object {
      "args": Array [
        120,
      ],
      "op": "not",
    },
    Object {
      "args": Array [
        118,
        121,
      ],
      "op": "get",
    },
    Object {
      "args": Array [
        20,
        122,
      ],
      "op": "pair",
    },
    Object {
      "args": Array [
        104,
        123,
      ],
      "op": "object",
    },
    Object {
      "args": Array [
        102,
      ],
      "op": "size",
    },
    Object {
      "args": Array [
        125,
      ],
      "op": "not",
    },
    Object {
      "args": Array [
        126,
      ],
      "op": "not",
    },
    Object {
      "args": Array [
        124,
        127,
      ],
      "op": "get",
    },
    Object {
      "args": Array [
        128,
        116,
      ],
      "op": "eq",
    },
    Object {
      "args": Array [
        0,
        7,
      ],
      "op": "pair",
    },
    Object {
      "args": Array [
        101,
        128,
      ],
      "op": "get",
    },
    Object {
      "args": Array [
        20,
        131,
      ],
      "op": "pair",
    },
    Object {
      "args": Array [
        130,
        132,
      ],
      "op": "object",
    },
    Object {
      "args": Array [
        129,
      ],
      "op": "not",
    },
    Object {
      "args": Array [
        134,
      ],
      "op": "not",
    },
    Object {
      "args": Array [
        133,
        135,
      ],
      "op": "get",
    },
    Object {
      "args": Array [
        7,
        38,
      ],
      "op": "flatMap",
    },
  ],
  "tableTypes": Object {
    "0": "u32",
    "1": Object {
      "tuple": Array [
        "u32",
        "ByteArray",
      ],
    },
    "2": "u32",
    "3": "u32",
    "4": "string",
  },
}
`;
