// Jest Snapshot v1, https://goo.gl/fbAQLP

exports[` 1`] = `
Object {
  "channels": Object {
    "@view_channel": 0,
  },
  "headers": Object {},
  "routes": Object {},
  "store": Object {
    "channels": Object {
      "@view_channel": 0,
    },
    "roots": Object {
      "@view_channel": 19,
      "commitView": 126,
      "idle": 47,
      "inbox": 29,
      "outbox": 129,
      "staging": 124,
    },
    "slots": Array [
      Object {
        "value": 0,
      },
      Object {
        "args": Array [
          0,
        ],
        "op": "table",
      },
      Object {
        "args": Array [
          1,
          0,
        ],
        "op": "get",
      },
      Object {
        "args": Array [
          2,
        ],
        "op": "array",
      },
      Object {
        "args": Array [],
        "op": "value",
      },
      Object {
        "value": 5,
      },
      Object {
        "args": Array [
          5,
        ],
        "op": "table",
      },
      Object {
        "args": Array [],
        "op": "key",
      },
      Object {
        "args": Array [
          6,
          7,
        ],
        "op": "get",
      },
      Object {
        "args": Array [
          4,
          8,
        ],
        "op": "neq",
      },
      Object {
        "args": Array [
          7,
          4,
        ],
        "op": "pair",
      },
      Object {
        "args": Array [
          10,
        ],
        "op": "object",
      },
      Object {
        "args": Array [],
        "op": "object",
      },
      Object {
        "args": Array [
          9,
          11,
          12,
        ],
        "op": "cond",
      },
      Object {
        "args": Array [
          3,
          13,
        ],
        "op": "flatMap",
      },
      Object {
        "args": Array [
          14,
        ],
        "op": "size",
      },
      Object {
        "value": 0,
      },
      Object {
        "args": Array [
          14,
          16,
        ],
        "op": "encode",
      },
      Object {
        "value": null,
      },
      Object {
        "args": Array [
          15,
          17,
          18,
        ],
        "op": "cond",
      },
      Object {
        "value": 3,
      },
      Object {
        "args": Array [
          20,
        ],
        "op": "table",
      },
      Object {
        "args": Array [
          21,
          7,
        ],
        "op": "get",
      },
      Object {
        "value": 4,
      },
      Object {
        "args": Array [
          22,
          23,
        ],
        "op": "neq",
      },
      Object {
        "args": Array [
          0,
          24,
        ],
        "op": "pair",
      },
      Object {
        "args": Array [
          25,
        ],
        "op": "object",
      },
      Object {
        "args": Array [
          26,
        ],
        "op": "size",
      },
      Object {
        "args": Array [
          26,
        ],
        "op": "head",
      },
      Object {
        "value": 1,
      },
      Object {
        "args": Array [
          29,
        ],
        "op": "table",
      },
      Object {
        "args": Array [
          4,
        ],
        "op": "first",
      },
      Object {
        "value": 1073741823,
      },
      Object {
        "args": Array [
          31,
          32,
        ],
        "op": "bwand",
      },
      Object {
        "value": 15,
      },
      Object {
        "args": Array [
          33,
          34,
        ],
        "op": "shr",
      },
      Object {
        "value": true,
      },
      Object {
        "args": Array [
          35,
          36,
        ],
        "op": "pair",
      },
      Object {
        "args": Array [
          37,
        ],
        "op": "array",
      },
      Object {
        "args": Array [
          7,
          38,
        ],
        "op": "pair",
      },
      Object {
        "args": Array [
          39,
        ],
        "op": "array",
      },
      Object {
        "args": Array [
          30,
          40,
        ],
        "op": "flatMap",
      },
      Object {
        "args": Array [
          41,
        ],
        "op": "size",
      },
      Object {
        "args": Array [
          41,
        ],
        "op": "head",
      },
      Object {
        "value": -1,
      },
      Object {
        "args": Array [
          42,
          43,
          44,
        ],
        "op": "cond",
      },
      Object {
        "args": Array [
          27,
          28,
          45,
        ],
        "op": "cond",
      },
      Object {
        "args": Array [
          46,
          44,
        ],
        "op": "eq",
      },
      Object {
        "args": Array [],
        "op": "array",
      },
      Object {
        "value": "0",
      },
      Object {
        "args": Array [
          0,
          29,
        ],
        "op": "array",
      },
      Object {
        "args": Array [
          0,
          0,
          0,
        ],
        "op": "array",
      },
      Object {
        "value": 2,
      },
      Object {
        "args": Array [
          52,
          0,
          52,
        ],
        "op": "array",
      },
      Object {
        "args": Array [
          51,
          53,
        ],
        "op": "array",
      },
      Object {
        "args": Array [
          36,
          54,
        ],
        "op": "pair",
      },
      Object {
        "args": Array [
          0,
          55,
        ],
        "op": "pair",
      },
      Object {
        "value": 131072,
      },
      Object {
        "value": false,
      },
      Object {
        "args": Array [
          58,
          48,
        ],
        "op": "pair",
      },
      Object {
        "args": Array [
          57,
          59,
        ],
        "op": "pair",
      },
      Object {
        "value": 131073,
      },
      Object {
        "args": Array [
          2,
          29,
        ],
        "op": "plus",
      },
      Object {
        "args": Array [
          0,
          0,
          62,
        ],
        "op": "array",
      },
      Object {
        "args": Array [
          63,
          53,
        ],
        "op": "array",
      },
      Object {
        "args": Array [
          36,
          64,
        ],
        "op": "pair",
      },
      Object {
        "args": Array [
          61,
          65,
        ],
        "op": "pair",
      },
      Object {
        "args": Array [
          56,
          60,
          66,
        ],
        "op": "object",
      },
      Object {
        "args": Array [
          21,
        ],
        "op": "size",
      },
      Object {
        "args": Array [
          21,
          0,
        ],
        "op": "get",
      },
      Object {
        "args": Array [
          68,
          69,
          0,
        ],
        "op": "cond",
      },
      Object {
        "args": Array [
          70,
          0,
        ],
        "op": "eq",
      },
      Object {
        "args": Array [
          52,
        ],
        "op": "table",
      },
      Object {
        "args": Array [
          72,
        ],
        "op": "size",
      },
      Object {
        "args": Array [
          72,
          0,
        ],
        "op": "get",
      },
      Object {
        "args": Array [
          73,
          74,
          0,
        ],
        "op": "cond",
      },
      Object {
        "value": 16,
      },
      Object {
        "args": Array [
          75,
          76,
        ],
        "op": "shl",
      },
      Object {
        "args": Array [
          70,
          29,
        ],
        "op": "eq",
      },
      Object {
        "args": Array [
          70,
          52,
        ],
        "op": "eq",
      },
      Object {
        "args": Array [
          70,
          20,
        ],
        "op": "eq",
      },
      Object {
        "args": Array [
          79,
          79,
          80,
        ],
        "op": "cond",
      },
      Object {
        "args": Array [
          35,
          0,
        ],
        "op": "eq",
      },
      Object {
        "value": 30,
      },
      Object {
        "args": Array [
          31,
          83,
        ],
        "op": "shr",
      },
      Object {
        "args": Array [
          79,
          29,
          0,
        ],
        "op": "cond",
      },
      Object {
        "args": Array [
          84,
          85,
        ],
        "op": "eq",
      },
      Object {
        "args": Array [
          82,
          86,
          82,
        ],
        "op": "cond",
      },
      Object {
        "args": Array [
          87,
          11,
          12,
        ],
        "op": "cond",
      },
      Object {
        "args": Array [
          30,
          88,
        ],
        "op": "flatMap",
      },
      Object {
        "args": Array [
          89,
        ],
        "op": "head",
      },
      Object {
        "args": Array [
          81,
          90,
          18,
        ],
        "op": "cond",
      },
      Object {
        "args": Array [
          30,
          91,
        ],
        "op": "get",
      },
      Object {
        "args": Array [
          78,
          18,
          92,
        ],
        "op": "cond",
      },
      Object {
        "args": Array [
          93,
        ],
        "op": "isNil",
      },
      Object {
        "args": Array [
          93,
        ],
        "op": "first",
      },
      Object {
        "args": Array [
          95,
          29,
        ],
        "op": "plus",
      },
      Object {
        "value": 32767,
      },
      Object {
        "args": Array [
          96,
          97,
        ],
        "op": "bwand",
      },
      Object {
        "args": Array [
          94,
          0,
          98,
        ],
        "op": "cond",
      },
      Object {
        "args": Array [
          77,
          99,
        ],
        "op": "bwor",
      },
      Object {
        "args": Array [
          71,
          0,
          100,
        ],
        "op": "cond",
      },
      Object {
        "args": Array [
          67,
          101,
        ],
        "op": "get",
      },
      Object {
        "args": Array [
          102,
        ],
        "op": "second",
      },
      Object {
        "value": 10000,
      },
      Object {
        "args": Array [
          102,
        ],
        "op": "first",
      },
      Object {
        "args": Array [
          70,
          23,
        ],
        "op": "eq",
      },
      Object {
        "args": Array [
          105,
          105,
          106,
        ],
        "op": "cond",
      },
      Object {
        "args": Array [
          70,
          29,
        ],
        "op": "plus",
      },
      Object {
        "args": Array [
          107,
          29,
          108,
        ],
        "op": "cond",
      },
      Object {
        "args": Array [
          20,
          0,
          109,
        ],
        "op": "array",
      },
      Object {
        "args": Array [
          104,
          110,
        ],
        "op": "pair",
      },
      Object {
        "value": 10001,
      },
      Object {
        "args": Array [],
        "op": "delete",
      },
      Object {
        "args": Array [
          29,
          91,
          113,
        ],
        "op": "array",
      },
      Object {
        "args": Array [
          112,
          114,
        ],
        "op": "pair",
      },
      Object {
        "args": Array [
          111,
          115,
        ],
        "op": "object",
      },
      Object {
        "args": Array [
          111,
        ],
        "op": "object",
      },
      Object {
        "args": Array [
          91,
          116,
          117,
        ],
        "op": "cond",
      },
      Object {
        "args": Array [
          7,
          103,
          118,
        ],
        "op": "cond",
      },
      Object {
        "args": Array [
          50,
          119,
        ],
        "op": "flatMap",
      },
      Object {
        "args": Array [
          49,
          120,
        ],
        "op": "pair",
      },
      Object {
        "args": Array [
          121,
        ],
        "op": "object",
      },
      Object {
        "args": Array [
          122,
          46,
        ],
        "op": "get",
      },
      Object {
        "args": Array [
          47,
          48,
          123,
        ],
        "op": "cond",
      },
      Object {
        "args": Array [],
        "op": "replace",
      },
      Object {
        "args": Array [
          5,
          125,
          3,
        ],
        "op": "array",
      },
      Object {
        "args": Array [
          19,
        ],
        "op": "array",
      },
      Object {
        "args": Array [
          4,
          11,
          12,
        ],
        "op": "cond",
      },
      Object {
        "args": Array [
          127,
          128,
        ],
        "op": "flatMap",
      },
    ],
    "tableTypes": Object {
      "0": "u32",
      "1": Object {
        "tuple": Array [
          "u32",
          "ByteArray",
        ],
      },
      "2": "u32",
      "3": "u32",
      "4": "u64",
      "5": "string",
    },
    "transportTypes": Array [],
  },
  "views": Object {
    "bindings": Array [
      Object {
        "selector": "#output",
        "target": undefined,
        "type": "content",
        "view": "myView",
      },
    ],
    "events": Array [
      Object {
        "eventType": "click",
        "headers": Array [
          0,
        ],
        "preventDefault": false,
        "selector": "#increment",
        "stopPropagation": false,
        "view": "myView",
      },
    ],
  },
}
`;
