// Jest Snapshot v1, https://goo.gl/fbAQLP

exports[`macros basic 1`] = `
Object {
  "args": Array [
    Object {
      "args": Array [
        Object {
          "args": Array [
            Object {
              "$token": Object {
                "col": "25",
                "file": "/Users/noam/anicca/src/builder/transformers/tests/useMacro.spec.ts",
                "line": "24",
              },
              "args": Array [
                Object {
                  "$primitive": 3,
                },
              ],
              "op": "ceil",
            },
            Object {
              "args": Array [],
              "op": "object",
            },
          ],
          "op": "pow",
        },
        Object {
          "$primitive": 123,
        },
      ],
      "op": "mult",
    },
    Object {
      "$ref": "bla",
    },
  ],
  "op": "add",
}
`;
