// Jest Snapshot v1, https://goo.gl/fbAQLP

exports[`kal yaml parsing should be parsed to json 1`] = `
Array [
  Object {
    "name": "myView",
    "rules": Array [
      Object {
        "declarations": Array [
          Object {
            "src": Object {
              "$ref": "value",
            },
            "targetType": "content",
            "type": "Bind",
          },
        ],
        "selector": "#output",
      },
      Object {
        "declarations": Array [
          Object {
            "actions": Array [
              Object {
                "event": "increment",
                "target": "myController",
                "type": "Dispatch",
              },
            ],
            "eventType": "click",
            "type": "DOMEvent",
          },
        ],
        "selector": "#increment",
      },
    ],
    "type": "View",
  },
  Object {
    "name": "myController",
    "rootState": Object {
      "children": Array [
        Object {
          "actions": Array [
            Object {
              "src": Object {
                "$primitive": 0,
              },
              "target": Object {
                "$ref": "value",
              },
              "type": "Assign",
            },
          ],
          "type": "OnEntry",
        },
        Object {
          "actions": Array [
            Object {
              "source": Object {
                "args": Array [
                  Object {
                    "$ref": "value",
                  },
                  Object {
                    "$primitive": 1,
                  },
                ],
                "op": "plus",
              },
              "target": Object {
                "$ref": "value",
              },
              "type": "Assign",
            },
          ],
          "event": "increment",
          "type": "Transition",
        },
      ],
      "default": undefined,
      "name": "root",
      "type": "State",
    },
    "type": "Controller",
  },
  Object {
    "name": "value",
    "type": "Let",
    "valueType": "u32",
  },
]
`;

exports[`kal yaml parsing should be valid yaml 1`] = `
Object {
  "controller myController": Object {
    "state root": Object {
      "entering": "value = 0",
      "on increment": "value += 1",
    },
  },
  "let value": "u32",
  "view myView": Object {
    "#increment": Object {
      "on click": "dispatch increment to myController",
    },
    "#output": Object {
      "content": "value",
    },
  },
}
`;
